package main

import (
	"fmt"
	"log"

	. "github.com/onsi/ginkgo"
	. "github.com/onsi/gomega"
	corev1 "k8s.io/api/core/v1"
	networkingv1beta1 "k8s.io/api/networking/v1beta1"
)

func main() {
	Describe("test", func() {
		fmt.Println(corev1.ConfigMap{})
		fmt.Println(networkingv1beta1.HTTPIngressPath{})
		log.Println("foo")
		Expect(true).To(BeTrue())
	})
}
